Processing esp32s3-F16R8 (platform: https://github.com/pioarduino/platform-espressif32/releases/download/55.03.38/platform-espressif32.zip; framework: arduino; board: esp32-s3-devkitc1-n16r8)
--------------------------------------------------------------------------------
Library Manager: Installing bblanchon/ArduinoJson @ 7.4.2
Unpacking 0% 10% 20% 30% 40% 50% 60% 70% 80% 90% 100%
Library Manager: ArduinoJson@7.4.2 has been installed!
Library Manager: Installing knolleary/PubSubClient @ ^2.8
Unpacking 0% 10% 20% 30% 40% 50% 60% 70% 80% 90% 100%
Library Manager: PubSubClient@2.8.0 has been installed!
Library Manager: Installing h2zero/NimBLE-Arduino @ ^2.2.0
Unpacking 0% 10% 20% 30% 40% 50% 60% 70% 80% 90% 100%
Library Manager: NimBLE-Arduino@2.5.0 has been installed!
Library Manager: Installing olikraus/U8g2 @ ^2.35.9
Unpacking 0% 10% 20% 30% 40% 50% 60% 70% 80% 90% 100%
Library Manager: U8g2@2.36.18 has been installed!
Library Manager: Installing adafruit/DHT sensor library @ ^1.4.6
Unpacking 0% 10% 20% 30% 40% 50% 60% 70% 80% 90% 100%
Library Manager: DHT sensor library@1.4.7 has been installed!
Library Manager: Resolving dependencies...
Library Manager: Installing Adafruit Unified Sensor
Unpacking 0% 10% 20% 30% 40% 50% 60% 70%
Library Manager: Adafruit Unified Sensor@1.1.15 has been installed!
Library Manager: Installing paulstoffregen/OneWire @ ^2.3.8
Unpacking 0% 10% 20% 30% 40% 50% 60% 70% 80% 90% 100%
Library Manager: OneWire@2.3.8 has been installed!
Library Manager: Installing milesburton/DallasTemperature @ ^3.9.0
Unpacking 0% 10% 20% 30% 40% 50% 60% 70% 80% 90% 100%
Library Manager: DallasTemperature@3.11.0 has been installed!
Library Manager: Resolving dependencies...
Library Manager: Installing ESP32Async/ESPAsyncWebServer @ ^3.6.0
Unpacking 0% 10% 20% 30% 40% 50% 60% 70% 80% 90% 100%
Library Manager: ESPAsyncWebServer@3.11.1 has been installed!
Library Manager: Resolving dependencies...
Library Manager: Installing ESP32Async/AsyncTCP @ ^3.4.10
Unpacking 0% 10% 20% 30% 40% 50% 60% 70% 80% 90% 100%
Library Manager: AsyncTCP@3.4.10 has been installed!
Library Manager: Installing adafruit/Adafruit NeoPixel @ ^1.12.0
Unpacking 0% 10% 20% 30% 40% 50% 60% 70% 80% 90% 100%
Library Manager: Adafruit NeoPixel@1.15.5 has been installed!
Library Manager: Installing adafruit/Adafruit BMP280 Library @ ^2.6.8
Unpacking 0% 10% 20% 30% 40% 50% 60% 70% 80% 90% 100%
Library Manager: Adafruit BMP280 Library@2.6.8 has been installed!
Library Manager: Resolving dependencies...
Library Manager: Installing Adafruit BusIO
Unpacking 0% 10% 20% 30% 40% 50% 60% 70% 80% 90% 100%
Library Manager: Adafruit BusIO@1.17.4 has been installed!
Library Manager: Installing adafruit/Adafruit MPU6050 @ ^2.2.6
Unpacking 0% 10% 20% 30% 40% 50% 60% 70% 80% 90% 100%
Library Manager: Adafruit MPU6050@2.2.9 has been installed!
Library Manager: Resolving dependencies...
Library Manager: Installing Adafruit GFX Library
Unpacking 0% 10% 20% 30% 40% 50% 60% 70% 80% 90% 100%
Library Manager: Adafruit GFX Library@1.12.6 has been installed!
Library Manager: Resolving dependencies...
Library Manager: Installing Adafruit SSD1306
Unpacking 0% 10% 20% 30% 40% 50% 60% 70% 80% 90% 100%
Library Manager: Adafruit SSD1306@2.5.17 has been installed!
Library Manager: Resolving dependencies...
Library Manager: Installing miguelbalboa/MFRC522 @ ^1.4.11
Unpacking 0% 10% 20% 30% 40% 50% 60% 70% 80% 90% 100%
Library Manager: MFRC522@1.4.12 has been installed!
Library Manager: Installing vshymanskyy/TinyGSM @ ^0.11.7
Unpacking 0% 10% 20% 30% 40% 50% 60% 70% 80% 90% 100%
Library Manager: TinyGSM@0.11.7 has been installed!
Verbose mode can be enabled via `-v, --verbose` option
CONFIGURATION: https://docs.platformio.org/page/boards/espressif32/esp32-s3-devkitc1-n16r8.html
PLATFORM: Espressif 32 (55.3.38) > Espressif ESP32-S3-DevKitC-1-N16R8V (16 MB Flash Quad, 8 MB PSRAM Octal)
HARDWARE: ESP32S3 240MHz, 320KB RAM, 16MB Flash
DEBUG: Current (esp-builtin) On-board (esp-builtin) External (cmsis-dap, esp-bridge, esp-prog, esp-prog-2, iot-bus-jtag, jlink, minimodule, olimex-arm-usb-ocd, olimex-arm-usb-ocd-h, olimex-arm-usb-tiny-h, olimex-jtag-tiny, tumpa)
PACKAGES: 
 - contrib-piohome @ 3.4.4 
 - framework-arduinoespressif32 @ 3.3.8 
 - framework-arduinoespressif32-libs @ 5.5.4+sha.735507283d 
 - tool-esp-rom-elfs @ 2024.10.11 
 - tool-esptoolpy @ 5.2.0 
 - tool-openocd-esp32 @ 2.1200.20260304 (12.0) 
 - tool-xtensa-esp-elf-gdb @ 16.3.0+20250913 
 - toolchain-xtensa-esp-elf @ 14.2.0+20260121
*** WARNING: Windows Long Path Support is disabled ***
*** Enable it for better performance: ***
*** 1. Run as Administrator: gpedit.msc ***
*** 2. Navigate to: Computer Configuration > Administrative Templates > System > Filesystem ***
*** 3. Enable 'Enable Win32 long paths' ***
*** OR run PowerShell as Admin: ***
*** New-ItemProperty -Path 'HKLM:\SYSTEM\CurrentControlSet\Control\FileSystem' -Name 'LongPathsEnabled' -Value 1 -PropertyType DWORD -Force ***
*** Restart required after enabling ***
LDF: Library Dependency Finder -> https://bit.ly/configure-pio-ldf
LDF Modes: Finder ~ chain, Compatibility ~ soft
Found 62 compatible libraries
Scanning dependencies...
Dependency Graph
|-- ArduinoJson @ 7.4.2
|-- PubSubClient @ 2.8.0
|-- NimBLE-Arduino @ 2.5.0
|-- U8g2 @ 2.36.18
|-- DHT sensor library @ 1.4.7
|-- Adafruit Unified Sensor @ 1.1.15
|-- OneWire @ 2.3.8
|-- DallasTemperature @ 3.11.0
|-- ESPAsyncWebServer @ 3.11.1
|-- AsyncTCP @ 3.4.10
|-- Adafruit NeoPixel @ 1.15.5
|-- Adafruit BMP280 Library @ 2.6.8
|-- Adafruit MPU6050 @ 2.2.9
|-- MFRC522 @ 1.4.12
|-- TinyGSM @ 0.11.7
|-- ESPmDNS @ 3.3.8
|-- LittleFS @ 3.3.8
|-- WiFi @ 3.3.8
|-- SPI @ 3.3.8
|-- Wire @ 3.3.8
|-- Ethernet @ 3.3.8
|-- HTTPClient @ 3.3.8
|-- Update @ 3.3.8
|-- Ticker @ 3.3.8
|-- FS @ 3.3.8
|-- Preferences @ 3.3.8
Building in release mode
Compiling .pio\build\esp32s3-F16R8\lib85c\PubSubClient\PubSubClient.cpp.o
Compiling .pio\build\esp32s3-F16R8\lib133\NimBLE-Arduino\NimBLE2904.cpp.o
Compiling .pio\build\esp32s3-F16R8\lib133\NimBLE-Arduino\NimBLEAddress.cpp.o
Compiling .pio\build\esp32s3-F16R8\lib133\NimBLE-Arduino\NimBLEAdvertisedDevice.cpp.o
Compiling .pio\build\esp32s3-F16R8\lib133\NimBLE-Arduino\NimBLEAdvertisementData.cpp.o
Compiling .pio\build\esp32s3-F16R8\lib133\NimBLE-Arduino\NimBLEAdvertising.cpp.o
Compiling .pio\build\esp32s3-F16R8\lib133\NimBLE-Arduino\NimBLEAttValue.cpp.o
Compiling .pio\build\esp32s3-F16R8\lib133\NimBLE-Arduino\NimBLEBeacon.cpp.o
Compiling .pio\build\esp32s3-F16R8\lib133\NimBLE-Arduino\NimBLECharacteristic.cpp.o
Compiling .pio\build\esp32s3-F16R8\lib133\NimBLE-Arduino\NimBLEClient.cpp.o
Compiling .pio\build\esp32s3-F16R8\lib133\NimBLE-Arduino\NimBLEDescriptor.cpp.o
Compiling .pio\build\esp32s3-F16R8\lib133\NimBLE-Arduino\NimBLEDevice.cpp.o
Compiling .pio\build\esp32s3-F16R8\lib133\NimBLE-Arduino\NimBLEEddystoneTLM.cpp.o
Compiling .pio\build\esp32s3-F16R8\lib133\NimBLE-Arduino\NimBLEExtAdvertising.cpp.o
Compiling .pio\build\esp32s3-F16R8\lib133\NimBLE-Arduino\NimBLEHIDDevice.cpp.o
Compiling .pio\build\esp32s3-F16R8\lib133\NimBLE-Arduino\NimBLEL2CAPChannel.cpp.o
Compiling .pio\build\esp32s3-F16R8\lib133\NimBLE-Arduino\NimBLEL2CAPServer.cpp.o
Compiling .pio\build\esp32s3-F16R8\lib133\NimBLE-Arduino\NimBLERemoteCharacteristic.cpp.o
Compiling .pio\build\esp32s3-F16R8\lib133\NimBLE-Arduino\NimBLERemoteDescriptor.cpp.o
Compiling .pio\build\esp32s3-F16R8\lib133\NimBLE-Arduino\NimBLERemoteService.cpp.o
Compiling .pio\build\esp32s3-F16R8\lib133\NimBLE-Arduino\NimBLERemoteValueAttribute.cpp.o
Compiling .pio\build\esp32s3-F16R8\lib133\NimBLE-Arduino\NimBLEScan.cpp.o
Compiling .pio\build\esp32s3-F16R8\lib133\NimBLE-Arduino\NimBLEServer.cpp.o
Compiling .pio\build\esp32s3-F16R8\lib133\NimBLE-Arduino\NimBLEService.cpp.o
Compiling .pio\build\esp32s3-F16R8\lib133\NimBLE-Arduino\NimBLEStream.cpp.o
Compiling .pio\build\esp32s3-F16R8\lib133\NimBLE-Arduino\NimBLEUUID.cpp.o
Compiling .pio\build\esp32s3-F16R8\lib133\NimBLE-Arduino\NimBLEUtils.cpp.o
Compiling .pio\build\esp32s3-F16R8\lib133\NimBLE-Arduino\nimble\esp_port\esp-hci\src\esp_nimble_hci.c.o
Compiling .pio\build\esp32s3-F16R8\lib133\NimBLE-Arduino\nimble\esp_port\esp-hci\src\na_hci_driver.c.o
Compiling .pio\build\esp32s3-F16R8\lib133\NimBLE-Arduino\nimble\esp_port\esp-hci\src\na_hci_transport.c.o
Compiling .pio\build\esp32s3-F16R8\lib133\NimBLE-Arduino\nimble\esp_port\port\src\exp_nimble_mem.c.o
Compiling .pio\build\esp32s3-F16R8\lib133\NimBLE-Arduino\nimble\ext\tinycrypt\src\aes_decrypt.c.o
Compiling .pio\build\esp32s3-F16R8\lib133\NimBLE-Arduino\nimble\ext\tinycrypt\src\aes_encrypt.c.o
Compiling .pio\build\esp32s3-F16R8\lib133\NimBLE-Arduino\nimble\ext\tinycrypt\src\cbc_mode.c.o
Compiling .pio\build\esp32s3-F16R8\lib133\NimBLE-Arduino\nimble\ext\tinycrypt\src\ccm_mode.c.o
Compiling .pio\build\esp32s3-F16R8\lib133\NimBLE-Arduino\nimble\ext\tinycrypt\src\cmac_mode.c.o
Compiling .pio\build\esp32s3-F16R8\lib133\NimBLE-Arduino\nimble\ext\tinycrypt\src\ctr_mode.c.o
Compiling .pio\build\esp32s3-F16R8\lib133\NimBLE-Arduino\nimble\ext\tinycrypt\src\ctr_prng.c.o
Compiling .pio\build\esp32s3-F16R8\lib133\NimBLE-Arduino\nimble\ext\tinycrypt\src\ecc.c.o
Compiling .pio\build\esp32s3-F16R8\lib133\NimBLE-Arduino\nimble\ext\tinycrypt\src\ecc_dh.c.o
Compiling .pio\build\esp32s3-F16R8\lib133\NimBLE-Arduino\nimble\ext\tinycrypt\src\ecc_dsa.c.o
Compiling .pio\build\esp32s3-F16R8\lib133\NimBLE-Arduino\nimble\ext\tinycrypt\src\ecc_platform_specific.c.o
Compiling .pio\build\esp32s3-F16R8\lib133\NimBLE-Arduino\nimble\ext\tinycrypt\src\hmac.c.o
Compiling .pio\build\esp32s3-F16R8\lib133\NimBLE-Arduino\nimble\ext\tinycrypt\src\hmac_prng.c.o
Compiling .pio\build\esp32s3-F16R8\lib133\NimBLE-Arduino\nimble\ext\tinycrypt\src\sha256.c.o
Compiling .pio\build\esp32s3-F16R8\lib133\NimBLE-Arduino\nimble\ext\tinycrypt\src\utils.c.o
Compiling .pio\build\esp32s3-F16R8\lib133\NimBLE-Arduino\nimble\nimble\controller\src\ble_ll.c.o
Compiling .pio\build\esp32s3-F16R8\lib133\NimBLE-Arduino\nimble\nimble\controller\src\ble_ll_adv.c.o
Compiling .pio\build\esp32s3-F16R8\lib133\NimBLE-Arduino\nimble\nimble\controller\src\ble_ll_conn.c.o
Compiling .pio\build\esp32s3-F16R8\lib133\NimBLE-Arduino\nimble\nimble\controller\src\ble_ll_conn_hci.c.o
Compiling .pio\build\esp32s3-F16R8\lib133\NimBLE-Arduino\nimble\nimble\controller\src\ble_ll_crypto.c.o
Compiling .pio\build\esp32s3-F16R8\lib133\NimBLE-Arduino\nimble\nimble\controller\src\ble_ll_ctrl.c.o
Compiling .pio\build\esp32s3-F16R8\lib133\NimBLE-Arduino\nimble\nimble\controller\src\ble_ll_dtm.c.o
Compiling .pio\build\esp32s3-F16R8\lib133\NimBLE-Arduino\nimble\nimble\controller\src\ble_ll_hci.c.o
Compiling .pio\build\esp32s3-F16R8\lib133\NimBLE-Arduino\nimble\nimble\controller\src\ble_ll_hci_ev.c.o
Compiling .pio\build\esp32s3-F16R8\lib133\NimBLE-Arduino\nimble\nimble\controller\src\ble_ll_hci_supp_cmd.c.o
Compiling .pio\build\esp32s3-F16R8\lib133\NimBLE-Arduino\nimble\nimble\controller\src\ble_ll_hci_vs.c.o
Compiling .pio\build\esp32s3-F16R8\lib133\NimBLE-Arduino\nimble\nimble\controller\src\ble_ll_iso.c.o
Compiling .pio\build\esp32s3-F16R8\lib133\NimBLE-Arduino\nimble\nimble\controller\src\ble_ll_iso_big.c.o
Compiling .pio\build\esp32s3-F16R8\lib133\NimBLE-Arduino\nimble\nimble\controller\src\ble_ll_isoal.c.o
Compiling .pio\build\esp32s3-F16R8\lib133\NimBLE-Arduino\nimble\nimble\controller\src\ble_ll_pdu.c.o
Compiling .pio\build\esp32s3-F16R8\lib133\NimBLE-Arduino\nimble\nimble\controller\src\ble_ll_rand.c.o
Compiling .pio\build\esp32s3-F16R8\lib133\NimBLE-Arduino\nimble\nimble\controller\src\ble_ll_resolv.c.o
Compiling .pio\build\esp32s3-F16R8\lib133\NimBLE-Arduino\nimble\nimble\controller\src\ble_ll_rfmgmt.c.o
Compiling .pio\build\esp32s3-F16R8\lib133\NimBLE-Arduino\nimble\nimble\controller\src\ble_ll_scan.c.o
Compiling .pio\build\esp32s3-F16R8\lib133\NimBLE-Arduino\nimble\nimble\controller\src\ble_ll_scan_aux.c.o
Compiling .pio\build\esp32s3-F16R8\lib133\NimBLE-Arduino\nimble\nimble\controller\src\ble_ll_sched.c.o
Compiling .pio\build\esp32s3-F16R8\lib133\NimBLE-Arduino\nimble\nimble\controller\src\ble_ll_sync.c.o
Compiling .pio\build\esp32s3-F16R8\lib133\NimBLE-Arduino\nimble\nimble\controller\src\ble_ll_trace.c.o
Compiling .pio\build\esp32s3-F16R8\lib133\NimBLE-Arduino\nimble\nimble\controller\src\ble_ll_utils.c.o
Compiling .pio\build\esp32s3-F16R8\lib133\NimBLE-Arduino\nimble\nimble\controller\src\ble_ll_whitelist.c.o
Compiling .pio\build\esp32s3-F16R8\lib133\NimBLE-Arduino\nimble\nimble\drivers\nrf51\src\ble_hw.c.o
Compiling .pio\build\esp32s3-F16R8\lib133\NimBLE-Arduino\nimble\nimble\drivers\nrf51\src\ble_phy.c.o
Compiling .pio\build\esp32s3-F16R8\lib133\NimBLE-Arduino\nimble\nimble\drivers\nrf5x\src\ble_hw.c.o
Compiling .pio\build\esp32s3-F16R8\lib133\NimBLE-Arduino\nimble\nimble\drivers\nrf5x\src\ble_phy.c.o
Compiling .pio\build\esp32s3-F16R8\lib133\NimBLE-Arduino\nimble\nimble\drivers\nrf5x\src\ble_phy_trace.c.o
Compiling .pio\build\esp32s3-F16R8\lib133\NimBLE-Arduino\nimble\nimble\drivers\nrf5x\src\nrf52\phy.c.o
Compiling .pio\build\esp32s3-F16R8\lib133\NimBLE-Arduino\nimble\nimble\drivers\nrf5x\src\nrf53\phy.c.o
Compiling .pio\build\esp32s3-F16R8\lib133\NimBLE-Arduino\nimble\nimble\host\mesh\src\access.c.o
Compiling .pio\build\esp32s3-F16R8\lib133\NimBLE-Arduino\nimble\nimble\host\mesh\src\adv.c.o
Compiling .pio\build\esp32s3-F16R8\lib133\NimBLE-Arduino\nimble\nimble\host\mesh\src\adv_ext.c.o
Compiling .pio\build\esp32s3-F16R8\lib133\NimBLE-Arduino\nimble\nimble\host\mesh\src\adv_legacy.c.o
Compiling .pio\build\esp32s3-F16R8\lib133\NimBLE-Arduino\nimble\nimble\host\mesh\src\aes-ccm.c.o
Compiling .pio\build\esp32s3-F16R8\lib133\NimBLE-Arduino\nimble\nimble\host\mesh\src\app_keys.c.o
Compiling .pio\build\esp32s3-F16R8\lib133\NimBLE-Arduino\nimble\nimble\host\mesh\src\beacon.c.o
Compiling .pio\build\esp32s3-F16R8\lib133\NimBLE-Arduino\nimble\nimble\host\mesh\src\cdb.c.o
Compiling .pio\build\esp32s3-F16R8\lib133\NimBLE-Arduino\nimble\nimble\host\mesh\src\cfg.c.o
Compiling .pio\build\esp32s3-F16R8\lib133\NimBLE-Arduino\nimble\nimble\host\mesh\src\cfg_cli.c.o
Compiling .pio\build\esp32s3-F16R8\lib133\NimBLE-Arduino\nimble\nimble\host\mesh\src\cfg_srv.c.o
Compiling .pio\build\esp32s3-F16R8\lib133\NimBLE-Arduino\nimble\nimble\host\mesh\src\crypto.c.o
Compiling .pio\build\esp32s3-F16R8\lib133\NimBLE-Arduino\nimble\nimble\host\mesh\src\friend.c.o
Compiling .pio\build\esp32s3-F16R8\lib133\NimBLE-Arduino\nimble\nimble\host\mesh\src\glue.c.o
Compiling .pio\build\esp32s3-F16R8\lib133\NimBLE-Arduino\nimble\nimble\host\mesh\src\health_cli.c.o
Compiling .pio\build\esp32s3-F16R8\lib133\NimBLE-Arduino\nimble\nimble\host\mesh\src\health_srv.c.o
Compiling .pio\build\esp32s3-F16R8\lib133\NimBLE-Arduino\nimble\nimble\host\mesh\src\heartbeat.c.o
Compiling .pio\build\esp32s3-F16R8\lib133\NimBLE-Arduino\nimble\nimble\host\mesh\src\light_model.c.o
Compiling .pio\build\esp32s3-F16R8\lib133\NimBLE-Arduino\nimble\nimble\host\mesh\src\lpn.c.o
Compiling .pio\build\esp32s3-F16R8\lib133\NimBLE-Arduino\nimble\nimble\host\mesh\src\mesh.c.o
Compiling .pio\build\esp32s3-F16R8\lib133\NimBLE-Arduino\nimble\nimble\host\mesh\src\model_cli.c.o
Compiling .pio\build\esp32s3-F16R8\lib133\NimBLE-Arduino\nimble\nimble\host\mesh\src\model_srv.c.o
Compiling .pio\build\esp32s3-F16R8\lib133\NimBLE-Arduino\nimble\nimble\host\mesh\src\msg.c.o
Compiling .pio\build\esp32s3-F16R8\lib133\NimBLE-Arduino\nimble\nimble\host\mesh\src\net.c.o
Compiling .pio\build\esp32s3-F16R8\lib133\NimBLE-Arduino\nimble\nimble\host\mesh\src\pb_adv.c.o
Compiling .pio\build\esp32s3-F16R8\lib133\NimBLE-Arduino\nimble\nimble\host\mesh\src\pb_gatt.c.o
Compiling .pio\build\esp32s3-F16R8\lib133\NimBLE-Arduino\nimble\nimble\host\mesh\src\pb_gatt_srv.c.o
Compiling .pio\build\esp32s3-F16R8\lib133\NimBLE-Arduino\nimble\nimble\host\mesh\src\prov.c.o
Compiling .pio\build\esp32s3-F16R8\lib133\NimBLE-Arduino\nimble\nimble\host\mesh\src\prov_device.c.o
Compiling .pio\build\esp32s3-F16R8\lib133\NimBLE-Arduino\nimble\nimble\host\mesh\src\provisioner.c.o
Compiling .pio\build\esp32s3-F16R8\lib133\NimBLE-Arduino\nimble\nimble\host\mesh\src\proxy.c.o
Compiling .pio\build\esp32s3-F16R8\lib133\NimBLE-Arduino\nimble\nimble\host\mesh\src\proxy_msg.c.o
Compiling .pio\build\esp32s3-F16R8\lib133\NimBLE-Arduino\nimble\nimble\host\mesh\src\proxy_srv.c.o
Compiling .pio\build\esp32s3-F16R8\lib133\NimBLE-Arduino\nimble\nimble\host\mesh\src\rpl.c.o
Compiling .pio\build\esp32s3-F16R8\lib133\NimBLE-Arduino\nimble\nimble\host\mesh\src\settings.c.o
Compiling .pio\build\esp32s3-F16R8\lib133\NimBLE-Arduino\nimble\nimble\host\mesh\src\shell.c.o
Compiling .pio\build\esp32s3-F16R8\lib133\NimBLE-Arduino\nimble\nimble\host\mesh\src\subnet.c.o
Compiling .pio\build\esp32s3-F16R8\lib133\NimBLE-Arduino\nimble\nimble\host\mesh\src\testing.c.o
Compiling .pio\build\esp32s3-F16R8\lib133\NimBLE-Arduino\nimble\nimble\host\mesh\src\transport.c.o
Compiling .pio\build\esp32s3-F16R8\lib133\NimBLE-Arduino\nimble\nimble\host\services\gap\src\ble_svc_gap.c.o
Compiling .pio\build\esp32s3-F16R8\lib133\NimBLE-Arduino\nimble\nimble\host\services\gatt\src\ble_svc_gatt.c.o
Compiling .pio\build\esp32s3-F16R8\lib133\NimBLE-Arduino\nimble\nimble\host\src\ble_aes_ccm.c.o
Compiling .pio\build\esp32s3-F16R8\lib133\NimBLE-Arduino\nimble\nimble\host\src\ble_att.c.o
Compiling .pio\build\esp32s3-F16R8\lib133\NimBLE-Arduino\nimble\nimble\host\src\ble_att_clt.c.o
Compiling .pio\build\esp32s3-F16R8\lib133\NimBLE-Arduino\nimble\nimble\host\src\ble_att_cmd.c.o
Compiling .pio\build\esp32s3-F16R8\lib133\NimBLE-Arduino\nimble\nimble\host\src\ble_att_svr.c.o
Compiling .pio\build\esp32s3-F16R8\lib133\NimBLE-Arduino\nimble\nimble\host\src\ble_dtm.c.o
Compiling .pio\build\esp32s3-F16R8\lib133\NimBLE-Arduino\nimble\nimble\host\src\ble_ead.c.o
Compiling .pio\build\esp32s3-F16R8\lib133\NimBLE-Arduino\nimble\nimble\host\src\ble_eatt.c.o
Compiling .pio\build\esp32s3-F16R8\lib133\NimBLE-Arduino\nimble\nimble\host\src\ble_eddystone.c.o
Compiling .pio\build\esp32s3-F16R8\lib133\NimBLE-Arduino\nimble\nimble\host\src\ble_gap.c.o
Compiling .pio\build\esp32s3-F16R8\lib133\NimBLE-Arduino\nimble\nimble\host\src\ble_gattc.c.o
Compiling .pio\build\esp32s3-F16R8\lib133\NimBLE-Arduino\nimble\nimble\host\src\ble_gattc_cache.c.o
Compiling .pio\build\esp32s3-F16R8\lib133\NimBLE-Arduino\nimble\nimble\host\src\ble_gattc_cache_conn.c.o
Compiling .pio\build\esp32s3-F16R8\lib133\NimBLE-Arduino\nimble\nimble\host\src\ble_gatts.c.o
Compiling .pio\build\esp32s3-F16R8\lib133\NimBLE-Arduino\nimble\nimble\host\src\ble_gatts_lcl.c.o
Compiling .pio\build\esp32s3-F16R8\lib133\NimBLE-Arduino\nimble\nimble\host\src\ble_hs.c.o
Compiling .pio\build\esp32s3-F16R8\lib133\NimBLE-Arduino\nimble\nimble\host\src\ble_hs_adv.c.o
Compiling .pio\build\esp32s3-F16R8\lib133\NimBLE-Arduino\nimble\nimble\host\src\ble_hs_atomic.c.o
Compiling .pio\build\esp32s3-F16R8\lib133\NimBLE-Arduino\nimble\nimble\host\src\ble_hs_cfg.c.o
Compiling .pio\build\esp32s3-F16R8\lib133\NimBLE-Arduino\nimble\nimble\host\src\ble_hs_conn.c.o
Compiling .pio\build\esp32s3-F16R8\lib133\NimBLE-Arduino\nimble\nimble\host\src\ble_hs_flow.c.o
Compiling .pio\build\esp32s3-F16R8\lib133\NimBLE-Arduino\nimble\nimble\host\src\ble_hs_hci.c.o
Compiling .pio\build\esp32s3-F16R8\lib133\NimBLE-Arduino\nimble\nimble\host\src\ble_hs_hci_cmd.c.o
Compiling .pio\build\esp32s3-F16R8\lib133\NimBLE-Arduino\nimble\nimble\host\src\ble_hs_hci_evt.c.o
Compiling .pio\build\esp32s3-F16R8\lib133\NimBLE-Arduino\nimble\nimble\host\src\ble_hs_hci_util.c.o
Compiling .pio\build\esp32s3-F16R8\lib133\NimBLE-Arduino\nimble\nimble\host\src\ble_hs_id.c.o
Compiling .pio\build\esp32s3-F16R8\lib133\NimBLE-Arduino\nimble\nimble\host\src\ble_hs_log.c.o
Compiling .pio\build\esp32s3-F16R8\lib133\NimBLE-Arduino\nimble\nimble\host\src\ble_hs_mbuf.c.o
Compiling .pio\build\esp32s3-F16R8\lib133\NimBLE-Arduino\nimble\nimble\host\src\ble_hs_misc.c.o
Compiling .pio\build\esp32s3-F16R8\lib133\NimBLE-Arduino\nimble\nimble\host\src\ble_hs_mqueue.c.o
Compiling .pio\build\esp32s3-F16R8\lib133\NimBLE-Arduino\nimble\nimble\host\src\ble_hs_periodic_sync.c.o
Compiling .pio\build\esp32s3-F16R8\lib133\NimBLE-Arduino\nimble\nimble\host\src\ble_hs_pvcy.c.o
Compiling .pio\build\esp32s3-F16R8\lib133\NimBLE-Arduino\nimble\nimble\host\src\ble_hs_resolv.c.o
Compiling .pio\build\esp32s3-F16R8\lib133\NimBLE-Arduino\nimble\nimble\host\src\ble_hs_shutdown.c.o
Compiling .pio\build\esp32s3-F16R8\lib133\NimBLE-Arduino\nimble\nimble\host\src\ble_hs_startup.c.o
Compiling .pio\build\esp32s3-F16R8\lib133\NimBLE-Arduino\nimble\nimble\host\src\ble_hs_stop.c.o
Compiling .pio\build\esp32s3-F16R8\lib133\NimBLE-Arduino\nimble\nimble\host\src\ble_ibeacon.c.o
Compiling .pio\build\esp32s3-F16R8\lib133\NimBLE-Arduino\nimble\nimble\host\src\ble_l2cap.c.o
Compiling .pio\build\esp32s3-F16R8\lib133\NimBLE-Arduino\nimble\nimble\host\src\ble_l2cap_coc.c.o
Compiling .pio\build\esp32s3-F16R8\lib133\NimBLE-Arduino\nimble\nimble\host\src\ble_l2cap_sig.c.o
Compiling .pio\build\esp32s3-F16R8\lib133\NimBLE-Arduino\nimble\nimble\host\src\ble_l2cap_sig_cmd.c.o
Compiling .pio\build\esp32s3-F16R8\lib133\NimBLE-Arduino\nimble\nimble\host\src\ble_sm.c.o
Compiling .pio\build\esp32s3-F16R8\lib133\NimBLE-Arduino\nimble\nimble\host\src\ble_sm_alg.c.o
Compiling .pio\build\esp32s3-F16R8\lib133\NimBLE-Arduino\nimble\nimble\host\src\ble_sm_cmd.c.o
Compiling .pio\build\esp32s3-F16R8\lib133\NimBLE-Arduino\nimble\nimble\host\src\ble_sm_lgcy.c.o
Compiling .pio\build\esp32s3-F16R8\lib133\NimBLE-Arduino\nimble\nimble\host\src\ble_sm_sc.c.o
Compiling .pio\build\esp32s3-F16R8\lib133\NimBLE-Arduino\nimble\nimble\host\src\ble_store.c.o
Compiling .pio\build\esp32s3-F16R8\lib133\NimBLE-Arduino\nimble\nimble\host\src\ble_store_util.c.o
Compiling .pio\build\esp32s3-F16R8\lib133\NimBLE-Arduino\nimble\nimble\host\src\ble_uuid.c.o
Compiling .pio\build\esp32s3-F16R8\lib133\NimBLE-Arduino\nimble\nimble\host\store\config\src\ble_store_config.c.o
Compiling .pio\build\esp32s3-F16R8\lib133\NimBLE-Arduino\nimble\nimble\host\store\config\src\ble_store_config_conf.c.o
Compiling .pio\build\esp32s3-F16R8\lib133\NimBLE-Arduino\nimble\nimble\host\store\config\src\ble_store_nvs.c.o
Compiling .pio\build\esp32s3-F16R8\lib133\NimBLE-Arduino\nimble\nimble\host\store\ram\src\ble_store_ram.c.o
Compiling .pio\build\esp32s3-F16R8\lib133\NimBLE-Arduino\nimble\nimble\host\util\src\addr.c.o
Compiling .pio\build\esp32s3-F16R8\lib133\NimBLE-Arduino\nimble\nimble\transport\common\hci_h4\src\hci_h4.c.o
Compiling .pio\build\esp32s3-F16R8\lib133\NimBLE-Arduino\nimble\nimble\transport\common\hci_ipc\src\hci_ipc.c.o
Compiling .pio\build\esp32s3-F16R8\lib133\NimBLE-Arduino\nimble\nimble\transport\esp_ipc\src\hci_esp_ipc.c.o
Compiling .pio\build\esp32s3-F16R8\lib133\NimBLE-Arduino\nimble\nimble\transport\esp_ipc_legacy\src\hci_esp_ipc_legacy.c.o
Compiling .pio\build\esp32s3-F16R8\lib133\NimBLE-Arduino\nimble\nimble\transport\nrf5340\src\nrf5340_ble_hci.c.o
Compiling .pio\build\esp32s3-F16R8\lib133\NimBLE-Arduino\nimble\nimble\transport\src\transport.c.o
Compiling .pio\build\esp32s3-F16R8\lib133\NimBLE-Arduino\nimble\porting\nimble\src\endian.c.o
Compiling .pio\build\esp32s3-F16R8\lib133\NimBLE-Arduino\nimble\porting\nimble\src\hal_timer.c.o
Compiling .pio\build\esp32s3-F16R8\lib133\NimBLE-Arduino\nimble\porting\nimble\src\mem.c.o
Compiling .pio\build\esp32s3-F16R8\lib133\NimBLE-Arduino\nimble\porting\nimble\src\nimble_port.c.o
Compiling .pio\build\esp32s3-F16R8\lib133\NimBLE-Arduino\nimble\porting\nimble\src\os_cputime.c.o
Compiling .pio\build\esp32s3-F16R8\lib133\NimBLE-Arduino\nimble\porting\nimble\src\os_cputime_pwr2.c.o
Compiling .pio\build\esp32s3-F16R8\lib133\NimBLE-Arduino\nimble\porting\nimble\src\os_mbuf.c.o
Compiling .pio\build\esp32s3-F16R8\lib133\NimBLE-Arduino\nimble\porting\nimble\src\os_mempool.c.o
Compiling .pio\build\esp32s3-F16R8\lib133\NimBLE-Arduino\nimble\porting\nimble\src\os_msys_init.c.o
Compiling .pio\build\esp32s3-F16R8\lib133\NimBLE-Arduino\nimble\porting\npl\freertos\src\nimble_port_freertos.c.o
Compiling .pio\build\esp32s3-F16R8\lib133\NimBLE-Arduino\nimble\porting\npl\freertos\src\npl_os_freertos.c.o
Compiling .pio\build\esp32s3-F16R8\lib53b\SPI\SPI.cpp.o
Compiling .pio\build\esp32s3-F16R8\lib0e2\Wire\Wire.cpp.o
Compiling .pio\build\esp32s3-F16R8\lib397\U8g2\U8g2lib.cpp.o
Compiling .pio\build\esp32s3-F16R8\lib397\U8g2\U8x8lib.cpp.o
Compiling .pio\build\esp32s3-F16R8\lib397\U8g2\clib\mui.c.o
Compiling .pio\build\esp32s3-F16R8\lib397\U8g2\clib\mui_u8g2.c.o
Compiling .pio\build\esp32s3-F16R8\lib397\U8g2\clib\u8g2_arc.c.o
Compiling .pio\build\esp32s3-F16R8\lib397\U8g2\clib\u8g2_bitmap.c.o
Compiling .pio\build\esp32s3-F16R8\lib397\U8g2\clib\u8g2_box.c.o
Compiling .pio\build\esp32s3-F16R8\lib397\U8g2\clib\u8g2_buffer.c.o
Compiling .pio\build\esp32s3-F16R8\lib397\U8g2\clib\u8g2_button.c.o
Compiling .pio\build\esp32s3-F16R8\lib397\U8g2\clib\u8g2_circle.c.o
Compiling .pio\build\esp32s3-F16R8\lib397\U8g2\clib\u8g2_cleardisplay.c.o
Compiling .pio\build\esp32s3-F16R8\lib397\U8g2\clib\u8g2_d_memory.c.o
Compiling .pio\build\esp32s3-F16R8\lib397\U8g2\clib\u8g2_d_setup.c.o
Compiling .pio\build\esp32s3-F16R8\lib397\U8g2\clib\u8g2_font.c.o
Compiling .pio\build\esp32s3-F16R8\lib397\U8g2\clib\u8g2_fonts.c.o
Compiling .pio\build\esp32s3-F16R8\lib397\U8g2\clib\u8g2_hvline.c.o
Compiling .pio\build\esp32s3-F16R8\lib397\U8g2\clib\u8g2_input_value.c.o
Compiling .pio\build\esp32s3-F16R8\lib397\U8g2\clib\u8g2_intersection.c.o
Compiling .pio\build\esp32s3-F16R8\lib397\U8g2\clib\u8g2_kerning.c.o
Compiling .pio\build\esp32s3-F16R8\lib397\U8g2\clib\u8g2_line.c.o
Compiling .pio\build\esp32s3-F16R8\lib397\U8g2\clib\u8g2_ll_hvline.c.o
Compiling .pio\build\esp32s3-F16R8\lib397\U8g2\clib\u8g2_message.c.o
Compiling .pio\build\esp32s3-F16R8\lib397\U8g2\clib\u8g2_polygon.c.o
Compiling .pio\build\esp32s3-F16R8\lib397\U8g2\clib\u8g2_selection_list.c.o
Compiling .pio\build\esp32s3-F16R8\lib397\U8g2\clib\u8g2_setup.c.o
Compiling .pio\build\esp32s3-F16R8\lib397\U8g2\clib\u8log.c.o
Compiling .pio\build\esp32s3-F16R8\lib397\U8g2\clib\u8log_u8g2.c.o
Compiling .pio\build\esp32s3-F16R8\lib397\U8g2\clib\u8log_u8x8.c.o
Compiling .pio\build\esp32s3-F16R8\lib397\U8g2\clib\u8x8_8x8.c.o
Compiling .pio\build\esp32s3-F16R8\lib397\U8g2\clib\u8x8_byte.c.o
Compiling .pio\build\esp32s3-F16R8\lib397\U8g2\clib\u8x8_cad.c.o
Compiling .pio\build\esp32s3-F16R8\lib397\U8g2\clib\u8x8_capture.c.o
Compiling .pio\build\esp32s3-F16R8\lib397\U8g2\clib\u8x8_d_a2printer.c.o
Compiling .pio\build\esp32s3-F16R8\lib397\U8g2\clib\u8x8_d_ch1120.c.o
Compiling .pio\build\esp32s3-F16R8\lib397\U8g2\clib\u8x8_d_gp1247ai.c.o
Compiling .pio\build\esp32s3-F16R8\lib397\U8g2\clib\u8x8_d_gp1287ai.c.o
Compiling .pio\build\esp32s3-F16R8\lib397\U8g2\clib\u8x8_d_gp1294ai.c.o
Compiling .pio\build\esp32s3-F16R8\lib397\U8g2\clib\u8x8_d_gu800.c.o
Compiling .pio\build\esp32s3-F16R8\lib397\U8g2\clib\u8x8_d_hd44102.c.o
Compiling .pio\build\esp32s3-F16R8\lib397\U8g2\clib\u8x8_d_il3820_296x128.c.o
Compiling .pio\build\esp32s3-F16R8\lib397\U8g2\clib\u8x8_d_ist3020.c.o
Compiling .pio\build\esp32s3-F16R8\lib397\U8g2\clib\u8x8_d_ist3088.c.o
Compiling .pio\build\esp32s3-F16R8\lib397\U8g2\clib\u8x8_d_ist7920.c.o
Compiling .pio\build\esp32s3-F16R8\lib397\U8g2\clib\u8x8_d_ks0108.c.o
Compiling .pio\build\esp32s3-F16R8\lib397\U8g2\clib\u8x8_d_lc7981.c.o
Compiling .pio\build\esp32s3-F16R8\lib397\U8g2\clib\u8x8_d_ld7032_60x32.c.o
Compiling .pio\build\esp32s3-F16R8\lib397\U8g2\clib\u8x8_d_ls013b7dh03.c.o
Compiling .pio\build\esp32s3-F16R8\lib397\U8g2\clib\u8x8_d_max7219.c.o
Compiling .pio\build\esp32s3-F16R8\lib397\U8g2\clib\u8x8_d_pcd8544_84x48.c.o
Compiling .pio\build\esp32s3-F16R8\lib397\U8g2\clib\u8x8_d_pcf8812.c.o
Compiling .pio\build\esp32s3-F16R8\lib397\U8g2\clib\u8x8_d_pcf8814_hx1230.c.o
Compiling .pio\build\esp32s3-F16R8\lib397\U8g2\clib\u8x8_d_s1d15300.c.o
Compiling .pio\build\esp32s3-F16R8\lib397\U8g2\clib\u8x8_d_s1d15721.c.o
Compiling .pio\build\esp32s3-F16R8\lib397\U8g2\clib\u8x8_d_s1d15e06.c.o
Compiling .pio\build\esp32s3-F16R8\lib397\U8g2\clib\u8x8_d_sbn1661.c.o
Compiling .pio\build\esp32s3-F16R8\lib397\U8g2\clib\u8x8_d_sed1330.c.o
Compiling .pio\build\esp32s3-F16R8\lib397\U8g2\clib\u8x8_d_sh1106_64x32.c.o
Compiling .pio\build\esp32s3-F16R8\lib397\U8g2\clib\u8x8_d_sh1106_72x40.c.o
Compiling .pio\build\esp32s3-F16R8\lib397\U8g2\clib\u8x8_d_sh1107.c.o
Compiling .pio\build\esp32s3-F16R8\lib397\U8g2\clib\u8x8_d_sh1108.c.o
Compiling .pio\build\esp32s3-F16R8\lib397\U8g2\clib\u8x8_d_sh1122.c.o
Compiling .pio\build\esp32s3-F16R8\lib397\U8g2\clib\u8x8_d_ssd1305.c.o
Compiling .pio\build\esp32s3-F16R8\lib397\U8g2\clib\u8x8_d_ssd1306_128x32.c.o
Compiling .pio\build\esp32s3-F16R8\lib397\U8g2\clib\u8x8_d_ssd1306_128x64_noname.c.o
Compiling .pio\build\esp32s3-F16R8\lib397\U8g2\clib\u8x8_d_ssd1306_2040x16.c.o
Compiling .pio\build\esp32s3-F16R8\lib397\U8g2\clib\u8x8_d_ssd1306_48x64.c.o
Compiling .pio\build\esp32s3-F16R8\lib397\U8g2\clib\u8x8_d_ssd1306_64x32.c.o
Compiling .pio\build\esp32s3-F16R8\lib397\U8g2\clib\u8x8_d_ssd1306_64x48.c.o
Compiling .pio\build\esp32s3-F16R8\lib397\U8g2\clib\u8x8_d_ssd1306_72x40.c.o
Compiling .pio\build\esp32s3-F16R8\lib397\U8g2\clib\u8x8_d_ssd1306_96x16.c.o
Compiling .pio\build\esp32s3-F16R8\lib397\U8g2\clib\u8x8_d_ssd1306_96x40.c.o
Compiling .pio\build\esp32s3-F16R8\lib397\U8g2\clib\u8x8_d_ssd1309.c.o
Compiling .pio\build\esp32s3-F16R8\lib397\U8g2\clib\u8x8_d_ssd1312.c.o
Compiling .pio\build\esp32s3-F16R8\lib397\U8g2\clib\u8x8_d_ssd1315_128x64_noname.c.o
Compiling .pio\build\esp32s3-F16R8\lib397\U8g2\clib\u8x8_d_ssd1316.c.o
Compiling .pio\build\esp32s3-F16R8\lib397\U8g2\clib\u8x8_d_ssd1317.c.o
Compiling .pio\build\esp32s3-F16R8\lib397\U8g2\clib\u8x8_d_ssd1318.c.o
Compiling .pio\build\esp32s3-F16R8\lib397\U8g2\clib\u8x8_d_ssd1320.c.o
Compiling .pio\build\esp32s3-F16R8\lib397\U8g2\clib\u8x8_d_ssd1322.c.o
Compiling .pio\build\esp32s3-F16R8\lib397\U8g2\clib\u8x8_d_ssd1325.c.o
Compiling .pio\build\esp32s3-F16R8\lib397\U8g2\clib\u8x8_d_ssd1326.c.o
Compiling .pio\build\esp32s3-F16R8\lib397\U8g2\clib\u8x8_d_ssd1327.c.o
Compiling .pio\build\esp32s3-F16R8\lib397\U8g2\clib\u8x8_d_ssd1329.c.o
Compiling .pio\build\esp32s3-F16R8\lib397\U8g2\clib\u8x8_d_ssd1362.c.o
Compiling .pio\build\esp32s3-F16R8\lib397\U8g2\clib\u8x8_d_ssd1362z.c.o
Compiling .pio\build\esp32s3-F16R8\lib397\U8g2\clib\u8x8_d_ssd1363.c.o
Compiling .pio\build\esp32s3-F16R8\lib397\U8g2\clib\u8x8_d_ssd1606_172x72.c.o
Compiling .pio\build\esp32s3-F16R8\lib397\U8g2\clib\u8x8_d_ssd1607_200x200.c.o
Compiling .pio\build\esp32s3-F16R8\lib397\U8g2\clib\u8x8_d_st7301.c.o
Compiling .pio\build\esp32s3-F16R8\lib397\U8g2\clib\u8x8_d_st7302.c.o
Compiling .pio\build\esp32s3-F16R8\lib397\U8g2\clib\u8x8_d_st7305.c.o
Compiling .pio\build\esp32s3-F16R8\lib397\U8g2\clib\u8x8_d_st7511.c.o
Compiling .pio\build\esp32s3-F16R8\lib397\U8g2\clib\u8x8_d_st75160.c.o
Compiling .pio\build\esp32s3-F16R8\lib397\U8g2\clib\u8x8_d_st75161.c.o
Compiling .pio\build\esp32s3-F16R8\lib397\U8g2\clib\u8x8_d_st75256.c.o
Compiling .pio\build\esp32s3-F16R8\lib397\U8g2\clib\u8x8_d_st7528.c.o
Compiling .pio\build\esp32s3-F16R8\lib397\U8g2\clib\u8x8_d_st75320.c.o
Compiling .pio\build\esp32s3-F16R8\lib397\U8g2\clib\u8x8_d_st7539.c.o
Compiling .pio\build\esp32s3-F16R8\lib397\U8g2\clib\u8x8_d_st7565.c.o
Compiling .pio\build\esp32s3-F16R8\lib397\U8g2\clib\u8x8_d_st7567.c.o
Compiling .pio\build\esp32s3-F16R8\lib397\U8g2\clib\u8x8_d_st7571.c.o
Compiling .pio\build\esp32s3-F16R8\lib397\U8g2\clib\u8x8_d_st7586s_erc240160.c.o
Compiling .pio\build\esp32s3-F16R8\lib397\U8g2\clib\u8x8_d_st7586s_jlx320160.c.o
Compiling .pio\build\esp32s3-F16R8\lib397\U8g2\clib\u8x8_d_st7586s_jlx384160.c.o
Compiling .pio\build\esp32s3-F16R8\lib397\U8g2\clib\u8x8_d_st7586s_md240128.c.o
Compiling .pio\build\esp32s3-F16R8\lib397\U8g2\clib\u8x8_d_st7586s_s028hn118a.c.o
Compiling .pio\build\esp32s3-F16R8\lib397\U8g2\clib\u8x8_d_st7586s_ymc240160.c.o
Compiling .pio\build\esp32s3-F16R8\lib397\U8g2\clib\u8x8_d_st7588.c.o
Compiling .pio\build\esp32s3-F16R8\lib397\U8g2\clib\u8x8_d_st7920.c.o
Compiling .pio\build\esp32s3-F16R8\lib397\U8g2\clib\u8x8_d_t6963.c.o
Compiling .pio\build\esp32s3-F16R8\lib397\U8g2\clib\u8x8_d_uc1601.c.o
Compiling .pio\build\esp32s3-F16R8\lib397\U8g2\clib\u8x8_d_uc1604.c.o
Compiling .pio\build\esp32s3-F16R8\lib397\U8g2\clib\u8x8_d_uc1608.c.o
Compiling .pio\build\esp32s3-F16R8\lib397\U8g2\clib\u8x8_d_uc1609.c.o
Compiling .pio\build\esp32s3-F16R8\lib397\U8g2\clib\u8x8_d_uc1610.c.o
Compiling .pio\build\esp32s3-F16R8\lib397\U8g2\clib\u8x8_d_uc1611.c.o
Compiling .pio\build\esp32s3-F16R8\lib397\U8g2\clib\u8x8_d_uc1617.c.o
Compiling .pio\build\esp32s3-F16R8\lib397\U8g2\clib\u8x8_d_uc1628.c.o
Compiling .pio\build\esp32s3-F16R8\lib397\U8g2\clib\u8x8_d_uc1638.c.o
Compiling .pio\build\esp32s3-F16R8\lib397\U8g2\clib\u8x8_d_uc1698.c.o
Compiling .pio\build\esp32s3-F16R8\lib397\U8g2\clib\u8x8_d_uc1701_dogs102.c.o
Compiling .pio\build\esp32s3-F16R8\lib397\U8g2\clib\u8x8_d_uc1701_mini12864.c.o
Compiling .pio\build\esp32s3-F16R8\lib397\U8g2\clib\u8x8_debounce.c.o
Compiling .pio\build\esp32s3-F16R8\lib397\U8g2\clib\u8x8_display.c.o
Compiling .pio\build\esp32s3-F16R8\lib397\U8g2\clib\u8x8_fonts.c.o
Compiling .pio\build\esp32s3-F16R8\lib397\U8g2\clib\u8x8_gpio.c.o
Compiling .pio\build\esp32s3-F16R8\lib397\U8g2\clib\u8x8_input_value.c.o
Compiling .pio\build\esp32s3-F16R8\lib397\U8g2\clib\u8x8_message.c.o
Compiling .pio\build\esp32s3-F16R8\lib397\U8g2\clib\u8x8_selection_list.c.o
Compiling .pio\build\esp32s3-F16R8\lib397\U8g2\clib\u8x8_setup.c.o
Compiling .pio\build\esp32s3-F16R8\lib397\U8g2\clib\u8x8_string.c.o
Compiling .pio\build\esp32s3-F16R8\lib397\U8g2\clib\u8x8_u16toa.c.o
Compiling .pio\build\esp32s3-F16R8\lib397\U8g2\clib\u8x8_u8toa.c.o
Compiling .pio\build\esp32s3-F16R8\lib39c\Adafruit Unified Sensor\Adafruit_Sensor.cpp.o
Compiling .pio\build\esp32s3-F16R8\libedc\DHT sensor library\DHT.cpp.o
Compiling .pio\build\esp32s3-F16R8\libedc\DHT sensor library\DHT_U.cpp.o
Compiling .pio\build\esp32s3-F16R8\lib40c\OneWire\OneWire.cpp.o
Compiling .pio\build\esp32s3-F16R8\lib629\DallasTemperature\DallasTemperature.cpp.o
Compiling .pio\build\esp32s3-F16R8\libfb3\Hash\PBKDF2_HMACBuilder.cpp.o
Compiling .pio\build\esp32s3-F16R8\libfb3\Hash\SHA1Builder.cpp.o
Compiling .pio\build\esp32s3-F16R8\libfb3\Hash\SHA2Builder.cpp.o
Compiling .pio\build\esp32s3-F16R8\libfb3\Hash\SHA3Builder.cpp.o
Compiling .pio\build\esp32s3-F16R8\lib7a6\Network\NetworkClient.cpp.o
Compiling .pio\build\esp32s3-F16R8\lib7a6\Network\NetworkEvents.cpp.o
Compiling .pio\build\esp32s3-F16R8\lib7a6\Network\NetworkInterface.cpp.o
Compiling .pio\build\esp32s3-F16R8\lib7a6\Network\NetworkManager.cpp.o
Compiling .pio\build\esp32s3-F16R8\lib7a6\Network\NetworkServer.cpp.o
Compiling .pio\build\esp32s3-F16R8\lib7a6\Network\NetworkUdp.cpp.o
pio : .pio/libdeps/esp32s3-F16R8/OneWire/OneWire.cpp:599:22: warning: extra tokens at end of #undef directive
所在位置 行:1 字符: 38
+ ... Bee-Arduino; pio run -e esp32s3-F16R8 2>&1 > build_output.txt; echo " ...
+                  ~~~~~~~~~~~~~~~~~~~~~~~~~~~~~~~~~~~~~~~~~~~~~~~~
    + CategoryInfo          : NotSpecified: (.pio/libdeps/es...undef directive:String) [], RemoteException
    + FullyQualifiedErrorId : NativeCommandError
 
  599 | #  undef noInterrupts() {portMUX_TYPE mux = portMUX_INITIALIZER_UNLOCKED;portENTER_CRITICAL(&mux)
      |                      ^
.pio/libdeps/esp32s3-F16R8/OneWire/OneWire.cpp:600:20: warning: extra tokens at end of #undef directive
  600 | #  undef interrupts() portEXIT_CRITICAL(&mux);}
      |                    ^
Compiling .pio\build\esp32s3-F16R8\lib8de\AsyncTCP\AsyncTCP.cpp.o
Compiling .pio\build\esp32s3-F16R8\lib6f1\FS\FS.cpp.o
Compiling .pio\build\esp32s3-F16R8\lib6f1\FS\vfs_api.cpp.o
Compiling .pio\build\esp32s3-F16R8\libc76\WiFi\AP.cpp.o
Compiling .pio\build\esp32s3-F16R8\libc76\WiFi\STA.cpp.o
Compiling .pio\build\esp32s3-F16R8\libc76\WiFi\WiFi.cpp.o
Compiling .pio\build\esp32s3-F16R8\libc76\WiFi\WiFiAP.cpp.o
Compiling .pio\build\esp32s3-F16R8\libc76\WiFi\WiFiGeneric.cpp.o
Compiling .pio\build\esp32s3-F16R8\libc76\WiFi\WiFiMulti.cpp.o
Compiling .pio\build\esp32s3-F16R8\libc76\WiFi\WiFiSTA.cpp.o
Compiling .pio\build\esp32s3-F16R8\libc76\WiFi\WiFiScan.cpp.o
Compiling .pio\build\esp32s3-F16R8\lib98e\ESPAsyncWebServer\AsyncEventSource.cpp.o
Compiling .pio\build\esp32s3-F16R8\lib98e\ESPAsyncWebServer\AsyncJson.cpp.o
Compiling .pio\build\esp32s3-F16R8\lib98e\ESPAsyncWebServer\AsyncWebHeader.cpp.o
Compiling .pio\build\esp32s3-F16R8\lib98e\ESPAsyncWebServer\AsyncWebServerRequest.cpp.o
Compiling .pio\build\esp32s3-F16R8\lib98e\ESPAsyncWebServer\AsyncWebSocket.cpp.o
Compiling .pio\build\esp32s3-F16R8\lib98e\ESPAsyncWebServer\BackPort_SHA1Builder.cpp.o
Compiling .pio\build\esp32s3-F16R8\lib98e\ESPAsyncWebServer\ChunkPrint.cpp.o
Compiling .pio\build\esp32s3-F16R8\lib98e\ESPAsyncWebServer\Middleware.cpp.o
Compiling .pio\build\esp32s3-F16R8\lib98e\ESPAsyncWebServer\WebAuthentication.cpp.o
Compiling .pio\build\esp32s3-F16R8\lib98e\ESPAsyncWebServer\WebHandlers.cpp.o
Compiling .pio\build\esp32s3-F16R8\lib98e\ESPAsyncWebServer\WebRequest.cpp.o
Compiling .pio\build\esp32s3-F16R8\lib98e\ESPAsyncWebServer\WebResponses.cpp.o
Compiling .pio\build\esp32s3-F16R8\lib98e\ESPAsyncWebServer\WebServer.cpp.o
Compiling .pio\build\esp32s3-F16R8\lib286\Adafruit NeoPixel\Adafruit_NeoPixel.cpp.o
Compiling .pio\build\esp32s3-F16R8\lib286\Adafruit NeoPixel\Adafruit_Neopixel_RP2.cpp.o
Compiling .pio\build\esp32s3-F16R8\lib286\Adafruit NeoPixel\esp.c.o
Compiling .pio\build\esp32s3-F16R8\lib286\Adafruit NeoPixel\esp8266.c.o
Compiling .pio\build\esp32s3-F16R8\lib286\Adafruit NeoPixel\kendyte_k210.c.o
Compiling .pio\build\esp32s3-F16R8\lib286\Adafruit NeoPixel\psoc6.c.o
Compiling .pio\build\esp32s3-F16R8\libf28\Adafruit BusIO\Adafruit_BusIO_Register.cpp.o
Compiling .pio\build\esp32s3-F16R8\libf28\Adafruit BusIO\Adafruit_GenericDevice.cpp.o
Compiling .pio\build\esp32s3-F16R8\libf28\Adafruit BusIO\Adafruit_I2CDevice.cpp.o
Compiling .pio\build\esp32s3-F16R8\libf28\Adafruit BusIO\Adafruit_SPIDevice.cpp.o
Compiling .pio\build\esp32s3-F16R8\libee2\Adafruit BMP280 Library\Adafruit_BMP280.cpp.o
Compiling .pio\build\esp32s3-F16R8\lib40d\Adafruit MPU6050\Adafruit_MPU6050.cpp.o
Compiling .pio\build\esp32s3-F16R8\lib02a\MFRC522\MFRC522.cpp.o
Compiling .pio\build\esp32s3-F16R8\lib02a\MFRC522\MFRC522Extended.cpp.o
Compiling .pio\build\esp32s3-F16R8\lib5ba\ESPmDNS\ESPmDNS.cpp.o
Compiling .pio\build\esp32s3-F16R8\lib974\LittleFS\LittleFS.cpp.o
Compiling .pio\build\esp32s3-F16R8\lib62d\Ethernet\ETH.cpp.o
Compiling .pio\build\esp32s3-F16R8\libea4\NetworkClientSecure\NetworkClientSecure.cpp.o
Compiling .pio\build\esp32s3-F16R8\libea4\NetworkClientSecure\ssl_client.cpp.o
Compiling .pio\build\esp32s3-F16R8\lib39e\HTTPClient\HTTPClient.cpp.o
Compiling .pio\build\esp32s3-F16R8\libe5a\Update\HttpsOTAUpdate.cpp.o
Compiling .pio\build\esp32s3-F16R8\libe5a\Update\Updater.cpp.o
Compiling .pio\build\esp32s3-F16R8\libe5a\Update\Updater_Signing.cpp.o
Compiling .pio\build\esp32s3-F16R8\libb4b\Ticker\Ticker.cpp.o
Compiling .pio\build\esp32s3-F16R8\lib251\Preferences\Preferences.cpp.o
Compiling .pio\build\esp32s3-F16R8\src\core\CommandBus.cpp.o
Compiling .pio\build\esp32s3-F16R8\src\core\ErrorHandler.cpp.o
Compiling .pio\build\esp32s3-F16R8\src\core\FastBeeFramework.cpp.o
Compiling .pio\build\esp32s3-F16R8\src\core\PeriphExecExecutor.cpp.o
Compiling .pio\build\esp32s3-F16R8\src\core\PeriphExecManager.cpp.o
Compiling .pio\build\esp32s3-F16R8\src\core\PeriphExecScheduler.cpp.o
Compiling .pio\build\esp32s3-F16R8\src\core\PeriphExecWorkerPool.cpp.o
Compiling .pio\build\esp32s3-F16R8\src\core\PeripheralExecution.cpp.o
Compiling .pio\build\esp32s3-F16R8\src\core\PeripheralManager.cpp.o
Compiling .pio\build\esp32s3-F16R8\src\core\RuleScriptManager.cpp.o
Compiling .pio\build\esp32s3-F16R8\src\core\ScriptEngine.cpp.o
Compiling .pio\build\esp32s3-F16R8\src\main.cpp.o
Compiling .pio\build\esp32s3-F16R8\src\network\CellularAdapter.cpp.o
Compiling .pio\build\esp32s3-F16R8\src\network\DNSManager.cpp.o
Compiling .pio\build\esp32s3-F16R8\src\network\EthernetAdapter.cpp.o
Compiling .pio\build\esp32s3-F16R8\src\network\IPManager.cpp.o
Compiling .pio\build\esp32s3-F16R8\src\network\LoRaAdapter.cpp.o
Compiling .pio\build\esp32s3-F16R8\src\network\NetworkManager.cpp.o
Compiling .pio\build\esp32s3-F16R8\src\network\OTAManager.cpp.o
Compiling .pio\build\esp32s3-F16R8\src\network\WebConfigManager.cpp.o
Compiling .pio\build\esp32s3-F16R8\src\network\WebHandlerContext.cpp.o
Compiling .pio\build\esp32s3-F16R8\src\network\WiFiManager.cpp.o
Compiling .pio\build\esp32s3-F16R8\src\network\handlers\AuthRouteHandler.cpp.o
Compiling .pio\build\esp32s3-F16R8\src\network\handlers\BatchRouteHandler.cpp.o
Compiling .pio\build\esp32s3-F16R8\src\network\handlers\DeviceRouteHandler.cpp.o
Compiling .pio\build\esp32s3-F16R8\src\network\handlers\HandlerUtils.cpp.o
Compiling .pio\build\esp32s3-F16R8\src\network\handlers\LcdRouteHandler.cpp.o
Compiling .pio\build\esp32s3-F16R8\src\network\handlers\LogRouteHandler.cpp.o
Compiling .pio\build\esp32s3-F16R8\src\network\handlers\ModbusRouteHandler.cpp.o
Compiling .pio\build\esp32s3-F16R8\src\network\handlers\MqttRouteHandler.cpp.o
Compiling .pio\build\esp32s3-F16R8\src\network\handlers\OTARouteHandler.cpp.o
Compiling .pio\build\esp32s3-F16R8\src\network\handlers\PeriphExecRouteHandler.cpp.o
Compiling .pio\build\esp32s3-F16R8\src\network\handlers\PeripheralRouteHandler.cpp.o
Compiling .pio\build\esp32s3-F16R8\src\network\handlers\ProtocolRouteHandler.cpp.o
Compiling .pio\build\esp32s3-F16R8\src\network\handlers\ProvisionRouteHandler.cpp.o
Compiling .pio\build\esp32s3-F16R8\src\network\handlers\RoleRouteHandler.cpp.o
Compiling .pio\build\esp32s3-F16R8\src\network\handlers\RuleScriptRouteHandler.cpp.o
Compiling .pio\build\esp32s3-F16R8\src\network\handlers\SSERouteHandler.cpp.o
Compiling .pio\build\esp32s3-F16R8\src\network\handlers\StaticRouteHandler.cpp.o
Compiling .pio\build\esp32s3-F16R8\src\network\handlers\SystemRouteHandler.cpp.o
Compiling .pio\build\esp32s3-F16R8\src\network\handlers\UserRouteHandler.cpp.o
Compiling .pio\build\esp32s3-F16R8\src\peripherals\LCDManager.cpp.o
Compiling .pio\build\esp32s3-F16R8\src\peripherals\SensorDriver.cpp.o
Compiling .pio\build\esp32s3-F16R8\src\peripherals\SevenSegmentDriver.cpp.o
Compiling .pio\build\esp32s3-F16R8\src\peripherals\drivers\AHT20Driver.cpp.o
Compiling .pio\build\esp32s3-F16R8\src\peripherals\drivers\BH1750Driver.cpp.o
Compiling .pio\build\esp32s3-F16R8\src\peripherals\drivers\BMP280Driver.cpp.o
Compiling .pio\build\esp32s3-F16R8\src\peripherals\drivers\IRRemoteDriver.cpp.o
Compiling .pio\build\esp32s3-F16R8\src\peripherals\drivers\MPU6050Driver.cpp.o
Compiling .pio\build\esp32s3-F16R8\src\peripherals\drivers\RFIDDriver.cpp.o
Compiling .pio\build\esp32s3-F16R8\src\peripherals\drivers\SHT31Driver.cpp.o
Compiling .pio\build\esp32s3-F16R8\src\protocols\CoAPHandler.cpp.o
Compiling .pio\build\esp32s3-F16R8\src\protocols\HTTPClientWrapper.cpp.o
Compiling .pio\build\esp32s3-F16R8\src\protocols\MQTTClient.cpp.o
Compiling .pio\build\esp32s3-F16R8\src\protocols\ModbusHandler.cpp.o
Compiling .pio\build\esp32s3-F16R8\src\protocols\ProtocolManager.cpp.o
Compiling .pio\build\esp32s3-F16R8\src\protocols\TCPHandler.cpp.o
Compiling .pio\build\esp32s3-F16R8\src\security\AuthManager.cpp.o
Compiling .pio\build\esp32s3-F16R8\src\security\CryptoUtils.cpp.o
Compiling .pio\build\esp32s3-F16R8\src\security\RoleManager.cpp.o
Compiling .pio\build\esp32s3-F16R8\src\security\UserManager.cpp.o
Compiling .pio\build\esp32s3-F16R8\src\systems\ConfigStorage.cpp.o
Compiling .pio\build\esp32s3-F16R8\src\systems\GpioConfig.cpp.o
Compiling .pio\build\esp32s3-F16R8\src\systems\HealthMonitor.cpp.o
Compiling .pio\build\esp32s3-F16R8\src\systems\LoggerSystem.cpp.o
Compiling .pio\build\esp32s3-F16R8\src\systems\RestartDiagnostics.cpp.o
Compiling .pio\build\esp32s3-F16R8\src\systems\TaskManager.cpp.o
Compiling .pio\build\esp32s3-F16R8\src\utils\FileUtils.cpp.o
Compiling .pio\build\esp32s3-F16R8\src\utils\JsonSerializationHelper.cpp.o
Compiling .pio\build\esp32s3-F16R8\src\utils\NetworkUtils.cpp.o
Compiling .pio\build\esp32s3-F16R8\src\utils\NewOverride.cpp.o
Compiling .pio\build\esp32s3-F16R8\src\utils\StringUtils.cpp.o
Compiling .pio\build\esp32s3-F16R8\src\utils\TimeUtils.cpp.o
Building .pio\build\esp32s3-F16R8\bootloader.bin
Generating partitions .pio\build\esp32s3-F16R8\partitions.bin
Compiling .pio\build\esp32s3-F16R8\FrameworkArduino\ColorFormat.c.o
esptool v5.2.0
Creating ESP32-S3 image...
Merged 2 ELF sections.
Successfully created ESP32-S3 image.
Compiling .pio\build\esp32s3-F16R8\FrameworkArduino\Esp.cpp.o
Compiling .pio\build\esp32s3-F16R8\FrameworkArduino\FirmwareMSC.cpp.o
Compiling .pio\build\esp32s3-F16R8\FrameworkArduino\FunctionalInterrupt.cpp.o
Compiling .pio\build\esp32s3-F16R8\FrameworkArduino\HEXBuilder.cpp.o
Compiling .pio\build\esp32s3-F16R8\FrameworkArduino\HWCDC.cpp.o
Compiling .pio\build\esp32s3-F16R8\FrameworkArduino\HardwareSerial.cpp.o
Compiling .pio\build\esp32s3-F16R8\FrameworkArduino\HashBuilder.cpp.o
Compiling .pio\build\esp32s3-F16R8\FrameworkArduino\IPAddress.cpp.o
Compiling .pio\build\esp32s3-F16R8\FrameworkArduino\MD5Builder.cpp.o
Compiling .pio\build\esp32s3-F16R8\FrameworkArduino\MacAddress.cpp.o
Compiling .pio\build\esp32s3-F16R8\FrameworkArduino\Print.cpp.o
Compiling .pio\build\esp32s3-F16R8\FrameworkArduino\Stream.cpp.o
Compiling .pio\build\esp32s3-F16R8\FrameworkArduino\StreamString.cpp.o
Compiling .pio\build\esp32s3-F16R8\FrameworkArduino\StringUtils.cpp.o
Compiling .pio\build\esp32s3-F16R8\FrameworkArduino\Tone.cpp.o
Compiling .pio\build\esp32s3-F16R8\FrameworkArduino\USB.cpp.o
Compiling .pio\build\esp32s3-F16R8\FrameworkArduino\USBCDC.cpp.o
Compiling .pio\build\esp32s3-F16R8\FrameworkArduino\USBMSC.cpp.o
Compiling .pio\build\esp32s3-F16R8\FrameworkArduino\WMath.cpp.o
Compiling .pio\build\esp32s3-F16R8\FrameworkArduino\WString.cpp.o
Compiling .pio\build\esp32s3-F16R8\FrameworkArduino\base64.cpp.o
Compiling .pio\build\esp32s3-F16R8\FrameworkArduino\cbuf.cpp.o
Compiling .pio\build\esp32s3-F16R8\FrameworkArduino\chip-debug-report.cpp.o
Compiling .pio\build\esp32s3-F16R8\FrameworkArduino\esp32-hal-adc.c.o
Compiling .pio\build\esp32s3-F16R8\FrameworkArduino\esp32-hal-bt.c.o
Compiling .pio\build\esp32s3-F16R8\FrameworkArduino\esp32-hal-cpu.c.o
Compiling .pio\build\esp32s3-F16R8\FrameworkArduino\esp32-hal-dac.c.o
Compiling .pio\build\esp32s3-F16R8\FrameworkArduino\esp32-hal-gpio.c.o
Compiling .pio\build\esp32s3-F16R8\FrameworkArduino\esp32-hal-hosted.c.o
Compiling .pio\build\esp32s3-F16R8\FrameworkArduino\esp32-hal-i2c-ng.c.o
Compiling .pio\build\esp32s3-F16R8\FrameworkArduino\esp32-hal-i2c-slave.c.o
Compiling .pio\build\esp32s3-F16R8\FrameworkArduino\esp32-hal-i2c.c.o
Compiling .pio\build\esp32s3-F16R8\FrameworkArduino\esp32-hal-ledc.c.o
Compiling .pio\build\esp32s3-F16R8\FrameworkArduino\esp32-hal-log-wrapper.c.o
Compiling .pio\build\esp32s3-F16R8\FrameworkArduino\esp32-hal-matrix.c.o
Compiling .pio\build\esp32s3-F16R8\FrameworkArduino\esp32-hal-misc.c.o
Compiling .pio\build\esp32s3-F16R8\FrameworkArduino\esp32-hal-periman.c.o
Compiling .pio\build\esp32s3-F16R8\FrameworkArduino\esp32-hal-psram.c.o
Compiling .pio\build\esp32s3-F16R8\FrameworkArduino\esp32-hal-rgb-led.c.o
Compiling .pio\build\esp32s3-F16R8\FrameworkArduino\esp32-hal-rmt.c.o
Compiling .pio\build\esp32s3-F16R8\FrameworkArduino\esp32-hal-sigmadelta.c.o
Compiling .pio\build\esp32s3-F16R8\FrameworkArduino\esp32-hal-spi.c.o
Compiling .pio\build\esp32s3-F16R8\FrameworkArduino\esp32-hal-time.c.o
Compiling .pio\build\esp32s3-F16R8\FrameworkArduino\esp32-hal-timer.c.o
Compiling .pio\build\esp32s3-F16R8\FrameworkArduino\esp32-hal-tinyusb.c.o
Compiling .pio\build\esp32s3-F16R8\FrameworkArduino\esp32-hal-touch-ng.c.o
Compiling .pio\build\esp32s3-F16R8\FrameworkArduino\esp32-hal-touch.c.o
Compiling .pio\build\esp32s3-F16R8\FrameworkArduino\esp32-hal-uart.c.o
Compiling .pio\build\esp32s3-F16R8\FrameworkArduino\firmware_msc_fat.c.o
Compiling .pio\build\esp32s3-F16R8\FrameworkArduino\freertos_stats.cpp.o
Compiling .pio\build\esp32s3-F16R8\FrameworkArduino\idf_openthread_mpool_wrapper.c.o
Compiling .pio\build\esp32s3-F16R8\FrameworkArduino\libb64\cdecode.c.o
Compiling .pio\build\esp32s3-F16R8\FrameworkArduino\libb64\cencode.c.o
Compiling .pio\build\esp32s3-F16R8\FrameworkArduino\main.cpp.o
Compiling .pio\build\esp32s3-F16R8\FrameworkArduino\stdlib_noniso.c.o
Compiling .pio\build\esp32s3-F16R8\FrameworkArduino\wiring_pulse.c.o
Compiling .pio\build\esp32s3-F16R8\FrameworkArduino\wiring_shift.c.o
Archiving .pio\build\esp32s3-F16R8\libFrameworkArduino.a
Indexing .pio\build\esp32s3-F16R8\libFrameworkArduino.a
Linking .pio\build\esp32s3-F16R8\firmware.elf
Firmware metrics can not be shown. Set the terminal codepage to "utf-8" or "cp65001" on Windows.
Retrieving maximum program size .pio\build\esp32s3-F16R8\firmware.elf
Checking size .pio\build\esp32s3-F16R8\firmware.elf
Advanced Memory Usage is available via "PlatformIO Home > Project Inspect"
RAM:   [====      ]  35.2% (used 115388 bytes from 327680 bytes)
Flash: [=======   ]  66.9% (used 2805182 bytes from 4194304 bytes)
pre_build_check([".pio\build\esp32s3-F16R8\firmware.bin"], [".pio\build\esp32s3-F16R8\firmware.elf"])
Building .pio\build\esp32s3-F16R8\firmware.bin
esptool v5.2.0
Creating ESP32-S3 image...
Merged 2 ELF sections.
Successfully created ESP32-S3 image.
Creating binary "firmware.factory.bin" with:
    Offset   | File
 -  0x0000   | bootloader.bin
 -  0x8000   | partitions.bin
 -  0xe000   | boot_app0.bin
 -  0x10000  | firmware.bin
Successfully created combined binary image.
archive_firmware([".pio\build\esp32s3-F16R8\firmware.bin"], [".pio\build\esp32s3-F16R8\firmware.elf"])
esptool v5.2.0
Wrote 0x2bcf50 bytes to file 'D:\project\gitee\FastBee-Arduino\dist\firmware\esp32s3-F16R8\factory.bin', ready to flash to offset 0x0.
[FastBee] Archived factory image: D:\project\gitee\FastBee-Arduino\dist\firmware\esp32s3-F16R8\factory.bin
======================== [SUCCESS] Took 253.03 seconds ========================

Environment    Status    Duration
-------------  --------  ------------
esp32s3-F16R8  SUCCESS   00:04:13.034
========================= 1 succeeded in 00:04:13.034 =========================
